#### Labels
DEL01            = 0x0012
DELAY            = 0x000C
START            = 0x0000

#### Defines
ACC              = 0x00E0
ACC_0            = 0x00E0
ACC_1            = 0x00E1
ACC_2            = 0x00E2
ACC_3            = 0x00E3
ACC_4            = 0x00E4
ACC_5            = 0x00E5
ACC_6            = 0x00E6
ACC_7            = 0x00E7
AUXR             = 0x008E
AUXR1            = 0x00A2
B                = 0x00F0
DP0H             = 0x0083
DP0L             = 0x0082
DP1H             = 0x0085
DP1L             = 0x0084
IE               = 0x00A8
IP               = 0x00B8
P0               = 0x0080
P0_0             = 0x0080
P0_1             = 0x0081
P0_2             = 0x0082
P0_3             = 0x0083
P0_4             = 0x0084
P0_5             = 0x0085
P0_6             = 0x0086
P0_7             = 0x0087
P1               = 0x0090
P1_0             = 0x0090
P1_1             = 0x0091
P1_2             = 0x0092
P1_3             = 0x0093
P1_4             = 0x0094
P1_5             = 0x0095
P1_6             = 0x0096
P1_7             = 0x0097
P2               = 0x00A0
P2_0             = 0x00A0
P2_1             = 0x00A1
P2_2             = 0x00A2
P2_3             = 0x00A3
P2_4             = 0x00A4
P2_5             = 0x00A5
P2_6             = 0x00A6
P2_7             = 0x00A7
P3               = 0x00B0
P3_0             = 0x00B0
P3_1             = 0x00B1
P3_2             = 0x00B2
P3_3             = 0x00B3
P3_4             = 0x00B4
P3_5             = 0x00B5
P3_6             = 0x00B6
P3_7             = 0x00B7
PCON             = 0x0087
PSW              = 0x00D0
RCAP2H           = 0x00CB
RCAP2L           = 0x00CA
SBUF             = 0x0099
SCON             = 0x0098
SP               = 0x0081
T2CON            = 0x00C8
T2MOD            = 0x00C9
TCON             = 0x0088
TH0              = 0x008C
TH1              = 0x008D
TH2              = 0x00CD
TL0              = 0x008A
TL1              = 0x008B
TL2              = 0x00CC
TMOD             = 0x0089
WDTRST           = 0x00A6

                  
                  .CPU 8052
                  
                  ; Special Function Registers
                  
                  ; Name      Address   AfterReset   Description
                  .P0       = 0x80    ; 11111111     GPIO Port 0
                  .SP       = 0x81    ; 00000111
                  .DP0L     = 0x82    ; 00000000
                  .DP0H     = 0x83    ; 00000000
                  .DP1L     = 0x84    ; 00000000
                  .DP1H     = 0x85    ; 00000000
                  .PCON     = 0x87    ; 0xxx0000
                  .TCON     = 0x88    ; 00000000
                  .TMOD     = 0x89    ; 00000000
                  .TL0      = 0x8A    ; 00000000
                  .TL1      = 0x8B    ; 00000000
                  .TH0      = 0x8C    ; 00000000
                  .TH1      = 0x8D    ; 00000000
                  .AUXR     = 0x8E    ; 00000000
                  ;
                  .P1       = 0x90    ; 11111111     GPIO Port 1
                  .SCON     = 0x98    ; 00000000
                  .SBUF     = 0x99    ; xxxxxxxx
                  ;
                  .P2       = 0xA0    ; 11111111     GPIO Port 2
                  .AUXR1    = 0xA2    ; xxxxxxx0     Auxiliary Regsister 1
                  .WDTRST   = 0xA6    ; xxxxxxxx
                  .IE       = 0xA8    ; 0x000000
                  ;
                  .P3       = 0xB0    ; 11111111
                  .IP       = 0xB8    ; xx000000
                  ;
                  .T2CON    = 0xC8    ; 00000000     Timer/Counter 2 Control Register
                  .T2MOD    = 0xC9    ; xxxxxx00
                  .RCAP2L   = 0xCA    ; 00000000
                  .RCAP2H   = 0xCB    ; 00000000
                  .TL2      = 0xCC    ; 00000000
                  .TH2      = 0xCD    ; 00000000
                  ;
                  .PSW      = 0xD0    ; 00000000
                  ;
                  .ACC      = 0xE0    ; 00000000
                  ;
                  .B        = 0xF0    ; 00000000
                  
                  ; Bit Addressing
                  ;  - 00 – 7FH are assigned to RAM locations of 20 – 2FH.
                  ;  - 80 – 87H are assigned to the PO port.
                  ;  - 88 – 8FH are assigned to the TCON register.
                  ;  - 90 – 97H are assigned to the P1 port.
                  ;  - 98 – 9FH are assigned to the SCON register.
                  ;  - AO – A7H are assigned to the P2 port.
                  ;  - A8 – AFH are assigned to the IE register.
                  ;  - BO – B7H are assigned to the P3 port.
                  ;  - B8 – BFH are assigned to IP.
                  ;  - CO – CFH (not assigned)
                  ;  - DO – D7H are assigned to the PSW register.
                  ;  - D8 – DFH (not assigned)
                  ;  - EO – E7H are assigned to the Accumulator register.
                  ;  - E8 – EFH (not assigned)
                  ;  - FO – F7H are assigned to the B register.
                  
                  .P0_0 = 0x80
                  .P0_1 = 0x81
                  .P0_2 = 0x82
                  .P0_3 = 0x83
                  .P0_4 = 0x84
                  .P0_5 = 0x85
                  .P0_6 = 0x86
                  .P0_7 = 0x87
                  ;
                  ;| 88b | TCON.0 | |
                  ;| 89b | TCON.1 | |
                  ;| 8Ab | TCON.2 | |
                  ;| 8Bb | TCON.3 | |
                  ;| 8Cb | TCON.4 | |
                  ;| 8Db | TCON.5 | |
                  ;| 8Eb | TCON.6 | |
                  ;| 8Fb | TCON.7 | |
                  ;
                  .P1_0 = 0x90
                  .P1_1 = 0x91
                  .P1_2 = 0x92
                  .P1_3 = 0x93
                  .P1_4 = 0x94
                  .P1_5 = 0x95
                  .P1_6 = 0x96
                  .P1_7 = 0x97
                  ;
                  ;| 98b | SCON.0 | |
                  ;| 99b | SCON.1 | |
                  ;| 9Ab | SCON.2 | |
                  ;| 9Bb | SCON.3 | |
                  ;| 9Cb | SCON.4 | |
                  ;| 9Db | SCON.5 | |
                  ;| 9Eb | SCON.6 | |
                  ;| 9Fb | SCON.7 | |
                  ;
                  .P2_0 = 0xA0
                  .P2_1 = 0xA1
                  .P2_2 = 0xA2
                  .P2_3 = 0xA3
                  .P2_4 = 0xA4
                  .P2_5 = 0xA5
                  .P2_6 = 0xA6
                  .P2_7 = 0xA7
                  ;
                  ;| A8b | IE.0   | |
                  ;| A9b | IE.1   | |
                  ;| AAb | IE.2   | |
                  ;| ABb | IE.3   | |
                  ;| ACb | IE.4   | |
                  ;| ADb | IE.5   | |
                  ;| AEb | IE.6   | |
                  ;| AFb | IE.7   | |
                  ;
                  .P3_0 = 0xB0
                  .P3_1 = 0xB1
                  .P3_2 = 0xB2
                  .P3_3 = 0xB3
                  .P3_4 = 0xB4
                  .P3_5 = 0xB5
                  .P3_6 = 0xB6
                  .P3_7 = 0xB7
                  ;
                  ;| B8b | IP.0   | |
                  ;| B9b | IP.1   | |
                  ;| BAb | IP.2   | |
                  ;| BBb | IP.3   | |
                  ;| BCb | IP.4   | |
                  ;| BDb | IP.5   | |
                  ;| BEb | IP.6   | |
                  ;| BFb | IP.7   | |
                  ;
                  ;| D0b | PSW.0  | |
                  ;| D1b | PSW.1  | |
                  ;| D2b | PSW.2  | |
                  ;| D3b | PSW.3  | |
                  ;| D4b | PSW.4  | |
                  ;| D5b | PSW.5  | |
                  ;| D6b | PSW.6  | |
                  ;| D7b | PSW.7  | |
                  ;
                  .ACC_0 = 0xE0
                  .ACC_1 = 0xE1
                  .ACC_2 = 0xE2
                  .ACC_3 = 0xE3
                  .ACC_4 = 0xE4
                  .ACC_5 = 0xE5
                  .ACC_6 = 0xE6
                  .ACC_7 = 0xE7
                  ;
                  ;| F0b | B.0    | |
                  ;| F1b | B.1    | |
                  ;| F2b | B.2    | |
                  ;| F3b | B.3    | |
                  ;| F4b | B.4    | |
                  ;| F5b | B.5    | |
                  ;| F6b | B.6    | |
                  ;| F7b | B.7    | |
                  
                  0x0000:
                  START:
                  
0000: 75 A0 FF         MOV    P2,#0xFF
0003: 11 0C            ACALL  DELAY
                  
0005: 75 A0 00         MOV    P2,#0x00
0008: 11 0C            ACALL  DELAY
                  
000A: 80 F4            SJMP   START
                  
                  DELAY:
000C: 7A 05            MOV    R2,#5
000E: 7B 00            MOV    R3,#0
0010: 7C 00            MOV    R4,#0
                  DEL01:
0012: DC FE            DJNZ   R4,DEL01
0014: DB FC            DJNZ   R3,DEL01
0016: DA FA            DJNZ   R2,DEL01
0018: 22               RET
